main.c:81:5:main	8	static
main.c:137:6:SystemClock_Config	72	static
main.c:173:13:MX_GPIO_Init	32	static
main.c:222:6:Exercise1_run	8	static
main.c:239:6:Exercise2_run	8	static
main.c:266:6:Exercise3_run	8	static
main.c:339:6:display7SEG	16	static
main.c:437:6:Exercise4_run	8	static
main.c:443:6:display7SEG_2	16	static
main.c:541:6:Exercise5_run	8	static
main.c:568:6:Exercise6_run	8	static
main.c:747:6:openAllClock	8	static
main.c:763:6:clearAllClock	8	static
main.c:779:6:setNumberOnClock	16	static
main.c:824:6:clearNumberOnClock	16	static
main.c:869:6:Exercise10_run	24	static
main.c:905:6:Error_Handler	4	static,ignoring_inline_asm
