16:58:31 **** Incremental Build of configuration Debug for project BTL_final ****
make -j20 all 
arm-none-eabi-gcc "../Core/Src/main.c" -mcpu=cortex-m3 -std=gnu11 -g3 -DDEBUG -DUSE_HAL_DRIVER -DSTM32F103xB -c -I../Core/Inc -I../Drivers/STM32F1xx_HAL_Driver/Inc -I../Drivers/STM32F1xx_HAL_Driver/Inc/Legacy -I../Drivers/CMSIS/Device/ST/STM32F1xx/Include -I../Drivers/CMSIS/Include -O0 -ffunction-sections -fdata-sections -Wall -fstack-usage -MMD -MP -MF"Core/Src/main.d" -MT"Core/Src/main.o" --specs=nano.specs -mfloat-abi=soft -mthumb -o "Core/Src/main.o"
arm-none-eabi-gcc -o "BTL_final.elf" @"objects.list"   -mcpu=cortex-m3 -T"D:\lab-VXL\BTL_final\STM32F103RBTX_FLASH.ld" --specs=nosys.specs -Wl,-Map="BTL_final.map" -Wl,--gc-sections -static --specs=nano.specs -mfloat-abi=soft -mthumb -Wl,--start-group -lc -lm -Wl,--end-group
Finished building target: BTL_final.elf
 
arm-none-eabi-size   BTL_final.elf 
arm-none-eabi-objdump -h -S  BTL_final.elf  > "BTL_final.list"
arm-none-eabi-objcopy  -O ihex  BTL_final.elf  "BTL_final.hex"
   text	   data	    bss	    dec	    hex	filename
  22648	    132	   2004	  24784	   60d0	BTL_final.elf
arm-none-eabi-objcopy  -O binary  BTL_final.elf  "BTL_final.bin"
Finished building: default.size.stdout
 
Finished building: BTL_final.hex
 
Finished building: BTL_final.bin
 
Finished building: BTL_final.list
 

16:58:32 Build Finished. 0 errors, 0 warnings. (took 633ms)

