15:02:54 **** Incremental Build of configuration Debug for project LAB3_new ****
make -j20 all 
arm-none-eabi-gcc "../Core/Src/button.c" -mcpu=cortex-m3 -std=gnu11 -g3 -DDEBUG -DUSE_HAL_DRIVER -DSTM32F103x6 -c -I../Core/Inc -I../Drivers/STM32F1xx_HAL_Driver/Inc -I../Drivers/STM32F1xx_HAL_Driver/Inc/Legacy -I../Drivers/CMSIS/Device/ST/STM32F1xx/Include -I../Drivers/CMSIS/Include -O0 -ffunction-sections -fdata-sections -Wall -fstack-usage -MMD -MP -MF"Core/Src/button.d" -MT"Core/Src/button.o" --specs=nano.specs -mfloat-abi=soft -mthumb -o "Core/Src/button.o"
arm-none-eabi-gcc "../Core/Src/fsm_setting.c" -mcpu=cortex-m3 -std=gnu11 -g3 -DDEBUG -DUSE_HAL_DRIVER -DSTM32F103x6 -c -I../Core/Inc -I../Drivers/STM32F1xx_HAL_Driver/Inc -I../Drivers/STM32F1xx_HAL_Driver/Inc/Legacy -I../Drivers/CMSIS/Device/ST/STM32F1xx/Include -I../Drivers/CMSIS/Include -O0 -ffunction-sections -fdata-sections -Wall -fstack-usage -MMD -MP -MF"Core/Src/fsm_setting.d" -MT"Core/Src/fsm_setting.o" --specs=nano.specs -mfloat-abi=soft -mthumb -o "Core/Src/fsm_setting.o"
arm-none-eabi-gcc -o "LAB3_new.elf" @"objects.list"   -mcpu=cortex-m3 -T"D:\lab-VXL\LAB3_new\STM32F103C6TX_FLASH.ld" --specs=nosys.specs -Wl,-Map="LAB3_new.map" -Wl,--gc-sections -static --specs=nano.specs -mfloat-abi=soft -mthumb -Wl,--start-group -lc -lm -Wl,--end-group
Finished building target: LAB3_new.elf
 
arm-none-eabi-size   LAB3_new.elf 
arm-none-eabi-objdump -h -S  LAB3_new.elf  > "LAB3_new.list"
arm-none-eabi-objcopy  -O ihex  LAB3_new.elf  "LAB3_new.hex"
   text	   data	    bss	    dec	    hex	filename
  10888	    104	   1712	  12704	   31a0	LAB3_new.elf
arm-none-eabi-objcopy  -O binary  LAB3_new.elf  "LAB3_new.bin"
Finished building: default.size.stdout
 
Finished building: LAB3_new.hex
Finished building: LAB3_new.bin
 
 
Finished building: LAB3_new.list
 

15:02:54 Build Finished. 0 errors, 0 warnings. (took 544ms)

