16:07:30 **** Incremental Build of configuration Debug for project testboard ****
make -j20 all 
arm-none-eabi-gcc "../Core/Src/main.c" -mcpu=cortex-m3 -std=gnu11 -g3 -DDEBUG -DUSE_HAL_DRIVER -DSTM32F103xB -c -I../Core/Inc -I../Drivers/STM32F1xx_HAL_Driver/Inc -I../Drivers/STM32F1xx_HAL_Driver/Inc/Legacy -I../Drivers/CMSIS/Device/ST/STM32F1xx/Include -I../Drivers/CMSIS/Include -O0 -ffunction-sections -fdata-sections -Wall -fstack-usage -MMD -MP -MF"Core/Src/main.d" -MT"Core/Src/main.o" --specs=nano.specs -mfloat-abi=soft -mthumb -o "Core/Src/main.o"
arm-none-eabi-gcc -o "testboard.elf" @"objects.list"   -mcpu=cortex-m3 -T"D:\lab-VXL\testboard\STM32F103RBTX_FLASH.ld" --specs=nosys.specs -Wl,-Map="testboard.map" -Wl,--gc-sections -static --specs=nano.specs -mfloat-abi=soft -mthumb -Wl,--start-group -lc -lm -Wl,--end-group
Finished building target: testboard.elf
 
arm-none-eabi-size   testboard.elf 
arm-none-eabi-objdump -h -S  testboard.elf  > "testboard.list"
arm-none-eabi-objcopy  -O ihex  testboard.elf  "testboard.hex"
   text	   data	    bss	    dec	    hex	filename
   7828	     20	   1716	   9564	   255c	testboard.elf
arm-none-eabi-objcopy  -O binary  testboard.elf  "testboard.bin"
Finished building: default.size.stdout
 
Finished building: testboard.hex
Finished building: testboard.bin
 
 
Finished building: testboard.list
 

16:07:31 Build Finished. 0 errors, 0 warnings. (took 528ms)

